[DEBUG LAB4]: 	INT	int
ID a is 0
[DEBUG LAB4]: 	SEMICOLON	;
[DEBUG LAB4]: 	INT	int
ID main is 1
[DEBUG LAB4]: 	LPAREN	(
[DEBUG LAB4]: 	RPAREN	)
[DEBUG LAB4]: 	LBRACE	{
[DEBUG LAB4]: 	INT	int
ID a is 0
[DEBUG LAB4]: 	SEMICOLON	;
ID a is 0
[DEBUG LAB4]: 	ASSIGN	=
DEM is 1
[DEBUG LAB4]: 	ADD	+
DEM is 2
[DEBUG LAB4]: 	SEMICOLON	;
[DEBUG LAB4]: 	IF	if
[DEBUG LAB4]: 	LPAREN	(
ID a is 0
[DEBUG LAB4]: 	LESS	<
DEM is 5
[DEBUG LAB4]: 	RPAREN	)
[DEBUG LAB4]: 	RETURN	return
DEM is 1
[DEBUG LAB4]: 	SEMICOLON	;
[DEBUG LAB4]: 	RETURN	return
DEM is 0
[DEBUG LAB4]: 	SEMICOLON	;
[DEBUG LAB4]: 	RBRACE	}
