[DEBUG LAB4]: 	INT	int
ID f is 0
[DEBUG LAB4]: 	LPAREN	(
[DEBUG LAB4]: 	RPAREN	)
[DEBUG LAB4]: 	LBRACE	{
[DEBUG LAB4]: 	INT	int
ID a is 1
[DEBUG LAB4]: 	SEMICOLON	;
ID a is 1
[DEBUG LAB4]: 	ASSIGN	=
DEM is 0
[DEBUG LAB4]: 	SEMICOLON	;
ID while is 2
[DEBUG LAB4]: 	LPAREN	(
ID a is 1
[DEBUG LAB4]: 	LESS	<
DEM is 10
[DEBUG LAB4]: 	RPAREN	)
[DEBUG LAB4]: 	LBRACE	{
ID a is 1
[DEBUG LAB4]: 	ASSIGN	=
ID a is 1
*DEM is 2345
[DEBUG LAB4]: 	SEMICOLON	;
[DEBUG LAB4]: 	RBRACE	}
[DEBUG LAB4]: 	RETURN	return
ID a is 1
[DEBUG LAB4]: 	SEMICOLON	;
[DEBUG LAB4]: 	RBRACE	}
[DEBUG LAB4]: 	INT	int
ID main is 3
[DEBUG LAB4]: 	LPAREN	(
[DEBUG LAB4]: 	RPAREN	)
[DEBUG LAB4]: 	LBRACE	{
[DEBUG LAB4]: 	INT	int
ID _testid is 4
[DEBUG LAB4]: 	SEMICOLON	;
ID _testid is 4
[DEBUG LAB4]: 	ASSIGN	=
DEM is 0
[DEBUG LAB4]: 	SEMICOLON	;
[DEBUG LAB4]: 	IF	if
[DEBUG LAB4]: 	LPAREN	(
ID _testid is 4
[DEBUG LAB4]: 	ASSIGN	=
[DEBUG LAB4]: 	ASSIGN	=
DEM is 0
[DEBUG LAB4]: 	RPAREN	)
[DEBUG LAB4]: 	LBRACE	{
[DEBUG LAB4]: 	INT	int
ID _testid is 4
[DEBUG LAB4]: 	SEMICOLON	;
[DEBUG LAB4]: 	INT	int
ID _testid2 is 5
[DEBUG LAB4]: 	SEMICOLON	;
ID _testid1 is 6
[DEBUG LAB4]: 	ASSIGN	=
ID _testid1 is 6
[DEBUG LAB4]: 	ADD	+
DEM is 1
[DEBUG LAB4]: 	SEMICOLON	;
[DEBUG LAB4]: 	RBRACE	}
[DEBUG LAB4]: 	LBRACE	{
[DEBUG LAB4]: 	INT	int
ID a is 1
[DEBUG LAB4]: 	SEMICOLON	;
[DEBUG LAB4]: 	RBRACE	}
[DEBUG LAB4]: 	LBRACE	{
[DEBUG LAB4]: 	INT	int
ID a is 1
[DEBUG LAB4]: 	SEMICOLON	;
[DEBUG LAB4]: 	RBRACE	}
[DEBUG LAB4]: 	INT	int
ID b is 7
[DEBUG LAB4]: 	SEMICOLON	;
[DEBUG LAB4]: 	RETURN	return
DEM is 0
[DEBUG LAB4]: 	SEMICOLON	;
[DEBUG LAB4]: 	RBRACE	}
